INFO - Application started
INFO - Configuration loaded
INFO - Database connection initialized
INFO - User login successful
INFO - Dashboard loaded
WARNING - Memory usage high
INFO - Cache refresh started
INFO - Cache refresh completed
ERROR - Database connection failed
INFO - Retry successful
INFO - User profile updated
WARNING - Disk space running low
INFO - Scheduled job triggered
INFO - Scheduled job completed
ERROR - Payment service unavailable
INFO - Payment retry initiated
INFO - Payment processed successfully
WARNING - API response delayed
INFO - Session renewed
ERROR - Invalid authentication token
INFO - User re-authenticated
INFO - Report generation started
INFO - Report generated successfully
WARNING - High CPU utilization detected
INFO - Background service restarted
ERROR - Email notification failed
INFO - Email resend successful
INFO - Backup process started
INFO - Backup completed successfully
WARNING - Unusual login attempt detected
INFO - Security scan completed
ERROR - File upload failed
INFO - File upload retry successful
INFO - Application shutdown initiated
INFO - Application stopped